\contentsline {answer}{\numberline {1}Zeichnen Sie ein Diagramm, das die energetische Lage der relevanten Zustände und die erlaubten Übergänge skizziert. Geben Sie dabei sowohl die spektroskopische Bezeichnung als auch die Quantenzahlen an.}{5}{answer.1}%
\contentsline {answer}{\numberline {2}Berechnen Sie im Experiment erwarteten Linien-Positionen und Linien-Abstände. Zur Kontrolle: der kleinste Abstand sollte 29.4~MHz betragen (ohne die unten eingeführten cross-over-peaks). }{5}{answer.2}%
\contentsline {answer}{\numberline {3}Berechnen Sie das erwartete Doppler-verbreiterte Absoprtionsspektrum von Rubidium in der natürlichen Isotopenmischung. }{7}{answer.3}%
\contentsline {answer}{\numberline {4}Berechnen Sie via Gl.~\ref {eq:lambert_beer} die Form Diodensignals $P(\nu )$, ausgehend vom Doppler-verbreiterten Absorptionsspektrum (Frage \ref {FzV:doppler_theo}) und unter der Annahme, dass bei sehr niedriger Laserleistung im Maximum 95\% des Lichts in der Gaszelle absorbiert werden. Vergleichen Sie die Form von $P(\nu )$ und $\alpha (\nu )$. }{8}{answer.4}%
\contentsline {answer}{\numberline {5}Ergänzen Sie Ihre vorhergesagten Peak-Positionen aus Frage \ref {frage:peaks} um die cross-over peaks.}{10}{answer.5}%
\contentsline {answer}{\numberline {6}Wofür werden im Versuch zwei \emph {polarisierende} Strahlteilerwürfel benötigt? Wozu wird das $\lambda / 2$-Plättchen gebraucht? }{13}{answer.6}%
