\contentsline {answer}{\numberline {1}Zeichnen Sie ein Diagramm, das die energetische Lage der relevanten Zustände und die erlaubten Übergänge skizziert. Geben Sie dabei sowohl die spektroskopische Bezeichnung als auch die Quantenzahlen an. Beschriften Sie die Linien in Abbildung \ref {sim_spectra_null}.}{7}{answer.1}%
\contentsline {answer}{\numberline {2}Schreiben Sie ein Skript in einer Programmiersprache Ihrer Wahl, das die im Experiment erwarteten Positionen und Abstände der Linien berechnet. Zur Kontrolle: Der Mittelwert aller Linien sollte 3.229~GHz betragen, wenn die niedrigste bei Null liegt (ohne die unten eingeführten Cross-Over-Peaks). }{7}{answer.2}%
\contentsline {answer}{\numberline {3}Plotten Sie mittels einer Programmiersprache Ihrere Wahl das erwartete Doppler-verbreiterte Absoprtionsspektrum von Rubidium in der natürlichen Isotopenmischung. }{9}{answer.3}%
\contentsline {answer}{\numberline {4}Plotten Sie mittels einer Programmiersprache Ihrer Wahl via Gl.~\ref {eq:lambert_beer} das Diodensignal $P(\nu )$, ausgehend vom Doppler-verbreiterten Absorptionsspektrum (Frage \ref {FzV:doppler_theo}) und unter der Annahme, dass bei sehr niedriger Laserleistung im Maximum 95\% des Lichts in der Gaszelle absorbiert werden. Vergleichen Sie die Form von $P_0 - P(\nu )$ und $\alpha (\nu )$. }{10}{answer.4}%
\contentsline {answer}{\numberline {5}Plotten Sie mittels einer Programmiersprache Ihrer Wahl die Teilchenzahldichte $\rho $ von Rubidium als Funktion der Temperatur $T$ im Bereich $10 ^\circ $C -- $70 ^\circ $C. }{10}{answer.5}%
\contentsline {answer}{\numberline {6}Ergänzen Sie Ihr Skript zu den vorhergesagten Peak-Positionen aus Frage \ref {frage:peaks} um die cross-over peaks.}{11}{answer.6}%
\contentsline {answer}{\numberline {7}Die Maxima der schwarzen Kurve in Abbildung \ref {fig:balanced} befinden sich bei den relativen Frequenzen -103, -73, -42, -15, +17 und +80~MHz. Um welche Übergänge handelt es sich? }{12}{answer.7}%
\contentsline {answer}{\numberline {8}Beschrieben Sie in Ihren Worten die Funktion der drei Strahlen Pumpstrahl, Abfragestrahl und Referenzstrahl. Gehen Sie dabei auch auf die Intensität ein.}{15}{answer.8}%
\contentsline {answer}{\numberline {9}Wofür werden im Versuch zwei \emph {polarisierende} Strahlteilerwürfel benötigt? Wozu wird das $\lambda / 2$-Plättchen gebraucht? }{15}{answer.9}%
